../Drivers/CMSIS/Include/core_cm0plus.h:741:22:__NVIC_EnableIRQ	16	static,ignoring_inline_asm
../Drivers/CMSIS/Include/core_cm0plus.h:779:22:__NVIC_DisableIRQ	16	static,ignoring_inline_asm
../Core/Src/main.c:113:5:main	8	static
../Core/Src/main.c:177:6:HAL_ADC_ConvCpltCallback	16	static
../Core/Src/main.c:197:7:Convert_To_Amps	24	static
../Core/Src/main.c:205:6:Monitor_VREF	8	static
../Core/Src/main.c:217:6:Perform_Startup_Diagnostics	24	static
../Core/Src/main.c:252:6:Emergency_Shutdown	8	static,ignoring_inline_asm
../Core/Src/main.c:270:6:Execute_Forced_Alignment	8	static
../Core/Src/main.c:285:6:Run_Open_Loop_Ramp	16	static
../Core/Src/main.c:300:6:BLDC_Set_Step	16	static
../Core/Src/main.c:376:6:Start_Demag_Blanking	8	static
../Core/Src/main.c:384:6:BLDC_Process_Zero_Crossing	24	static
../Core/Src/main.c:417:6:HAL_TIM_PeriodElapsedCallback	24	static
../Core/Src/main.c:430:6:HAL_COMP_TriggerCallback	16	static
../Core/Src/main.c:434:6:HAL_GPIO_EXTI_Rising_Callback	16	static
../Core/Src/main.c:440:6:HAL_GPIO_EXTI_Falling_Callback	16	static
../Core/Src/main.c:446:6:Motor_Timebase_Ticks	8	static
../Core/Src/main.c:459:6:SystemClock_Config	96	static
../Core/Src/main.c:484:13:MX_ADC1_Init	24	static
../Core/Src/main.c:518:13:MX_COMP1_Init	8	static
../Core/Src/main.c:532:13:MX_COMP2_Init	8	static
../Core/Src/main.c:546:13:MX_TIM1_Init	112	static
../Core/Src/main.c:588:13:MX_TIM14_Init	16	static
../Core/Src/main.c:602:13:MX_DMA_Init	16	static
../Core/Src/main.c:620:13:MX_GPIO_Init	48	static
../Core/Src/main.c:642:6:Error_Handler	8	static,ignoring_inline_asm
../Core/Src/main.c:649:6:assert_failed	16	static,ignoring_inline_asm
