Archive member included to satisfy reference by file (symbol)

C:/ST/STM32CubeIDE_1.18.0/STM32CubeIDE/plugins/com.st.stm32cube.ide.mcu.externaltools.gnu-tools-for-stm32.13.3.rel1.win32_1.0.0.202411081344/tools/bin/../lib/gcc/arm-none-eabi/13.3.1/../../../../arm-none-eabi/lib/thumb/v6-m/nofp\libc_nano.a(libc_a-exit.o)
                              C:/ST/STM32CubeIDE_1.18.0/STM32CubeIDE/plugins/com.st.stm32cube.ide.mcu.externaltools.gnu-tools-for-stm32.13.3.rel1.win32_1.0.0.202411081344/tools/bin/../lib/gcc/arm-none-eabi/13.3.1/../../../../arm-none-eabi/lib/thumb/v6-m/nofp/crt0.o (exit)
C:/ST/STM32CubeIDE_1.18.0/STM32CubeIDE/plugins/com.st.stm32cube.ide.mcu.externaltools.gnu-tools-for-stm32.13.3.rel1.win32_1.0.0.202411081344/tools/bin/../lib/gcc/arm-none-eabi/13.3.1/../../../../arm-none-eabi/lib/thumb/v6-m/nofp\libc_nano.a(libc_a-findfp.o)
                              C:/ST/STM32CubeIDE_1.18.0/STM32CubeIDE/plugins/com.st.stm32cube.ide.mcu.externaltools.gnu-tools-for-stm32.13.3.rel1.win32_1.0.0.202411081344/tools/bin/../lib/gcc/arm-none-eabi/13.3.1/../../../../arm-none-eabi/lib/thumb/v6-m/nofp\libc_nano.a(libc_a-exit.o) (__stdio_exit_handler)
C:/ST/STM32CubeIDE_1.18.0/STM32CubeIDE/plugins/com.st.stm32cube.ide.mcu.externaltools.gnu-tools-for-stm32.13.3.rel1.win32_1.0.0.202411081344/tools/bin/../lib/gcc/arm-none-eabi/13.3.1/../../../../arm-none-eabi/lib/thumb/v6-m/nofp\libc_nano.a(libc_a-fwalk.o)
                              C:/ST/STM32CubeIDE_1.18.0/STM32CubeIDE/plugins/com.st.stm32cube.ide.mcu.externaltools.gnu-tools-for-stm32.13.3.rel1.win32_1.0.0.202411081344/tools/bin/../lib/gcc/arm-none-eabi/13.3.1/../../../../arm-none-eabi/lib/thumb/v6-m/nofp\libc_nano.a(libc_a-findfp.o) (_fwalk_sglue)
C:/ST/STM32CubeIDE_1.18.0/STM32CubeIDE/plugins/com.st.stm32cube.ide.mcu.externaltools.gnu-tools-for-stm32.13.3.rel1.win32_1.0.0.202411081344/tools/bin/../lib/gcc/arm-none-eabi/13.3.1/../../../../arm-none-eabi/lib/thumb/v6-m/nofp\libc_nano.a(libc_a-stdio.o)
                              C:/ST/STM32CubeIDE_1.18.0/STM32CubeIDE/plugins/com.st.stm32cube.ide.mcu.externaltools.gnu-tools-for-stm32.13.3.rel1.win32_1.0.0.202411081344/tools/bin/../lib/gcc/arm-none-eabi/13.3.1/../../../../arm-none-eabi/lib/thumb/v6-m/nofp\libc_nano.a(libc_a-findfp.o) (__sread)
C:/ST/STM32CubeIDE_1.18.0/STM32CubeIDE/plugins/com.st.stm32cube.ide.mcu.externaltools.gnu-tools-for-stm32.13.3.rel1.win32_1.0.0.202411081344/tools/bin/../lib/gcc/arm-none-eabi/13.3.1/../../../../arm-none-eabi/lib/thumb/v6-m/nofp\libc_nano.a(libc_a-memset.o)
                              C:/ST/STM32CubeIDE_1.18.0/STM32CubeIDE/plugins/com.st.stm32cube.ide.mcu.externaltools.gnu-tools-for-stm32.13.3.rel1.win32_1.0.0.202411081344/tools/bin/../lib/gcc/arm-none-eabi/13.3.1/../../../../arm-none-eabi/lib/thumb/v6-m/nofp/crt0.o (memset)
C:/ST/STM32CubeIDE_1.18.0/STM32CubeIDE/plugins/com.st.stm32cube.ide.mcu.externaltools.gnu-tools-for-stm32.13.3.rel1.win32_1.0.0.202411081344/tools/bin/../lib/gcc/arm-none-eabi/13.3.1/../../../../arm-none-eabi/lib/thumb/v6-m/nofp\libc_nano.a(libc_a-closer.o)
                              C:/ST/STM32CubeIDE_1.18.0/STM32CubeIDE/plugins/com.st.stm32cube.ide.mcu.externaltools.gnu-tools-for-stm32.13.3.rel1.win32_1.0.0.202411081344/tools/bin/../lib/gcc/arm-none-eabi/13.3.1/../../../../arm-none-eabi/lib/thumb/v6-m/nofp\libc_nano.a(libc_a-stdio.o) (_close_r)
C:/ST/STM32CubeIDE_1.18.0/STM32CubeIDE/plugins/com.st.stm32cube.ide.mcu.externaltools.gnu-tools-for-stm32.13.3.rel1.win32_1.0.0.202411081344/tools/bin/../lib/gcc/arm-none-eabi/13.3.1/../../../../arm-none-eabi/lib/thumb/v6-m/nofp\libc_nano.a(libc_a-reent.o)
                              C:/ST/STM32CubeIDE_1.18.0/STM32CubeIDE/plugins/com.st.stm32cube.ide.mcu.externaltools.gnu-tools-for-stm32.13.3.rel1.win32_1.0.0.202411081344/tools/bin/../lib/gcc/arm-none-eabi/13.3.1/../../../../arm-none-eabi/lib/thumb/v6-m/nofp\libc_nano.a(libc_a-closer.o) (errno)
C:/ST/STM32CubeIDE_1.18.0/STM32CubeIDE/plugins/com.st.stm32cube.ide.mcu.externaltools.gnu-tools-for-stm32.13.3.rel1.win32_1.0.0.202411081344/tools/bin/../lib/gcc/arm-none-eabi/13.3.1/../../../../arm-none-eabi/lib/thumb/v6-m/nofp\libc_nano.a(libc_a-impure.o)
                              C:/ST/STM32CubeIDE_1.18.0/STM32CubeIDE/plugins/com.st.stm32cube.ide.mcu.externaltools.gnu-tools-for-stm32.13.3.rel1.win32_1.0.0.202411081344/tools/bin/../lib/gcc/arm-none-eabi/13.3.1/../../../../arm-none-eabi/lib/thumb/v6-m/nofp\libc_nano.a(libc_a-reent.o) (_impure_ptr)
C:/ST/STM32CubeIDE_1.18.0/STM32CubeIDE/plugins/com.st.stm32cube.ide.mcu.externaltools.gnu-tools-for-stm32.13.3.rel1.win32_1.0.0.202411081344/tools/bin/../lib/gcc/arm-none-eabi/13.3.1/../../../../arm-none-eabi/lib/thumb/v6-m/nofp\libc_nano.a(libc_a-lseekr.o)
[...]
Memory Configuration

Name             Origin             Length             Attributes
RAM              0x20000000         0x00009000         xrw
FLASH            0x08000000         0x00020000         xr
*default*        0x00000000         0xffffffff

Linker script and memory map

LOAD C:/ST/STM32CubeIDE_1.18.0/STM32CubeIDE/plugins/com.st.stm32cube.ide.mcu.externaltools.gnu-tools-for-stm32.13.3.rel1.win32_1.0.0.202411081344/tools/bin/../lib/gcc/arm-none-eabi/13.3.1/thumb/v6-m/nofp/crti.o
LOAD C:/ST/STM32CubeIDE_1.18.0/STM32CubeIDE/plugins/com.st.stm32cube.ide.mcu.externaltools.gnu-tools-for-stm32.13.3.rel1.win32_1.0.0.202411081344/tools/bin/../lib/gcc/arm-none-eabi/13.3.1/thumb/v6-m/nofp/crtbegin.o
LOAD C:/ST/STM32CubeIDE_1.18.0/STM32CubeIDE/plugins/com.st.stm32cube.ide.mcu.externaltools.gnu-tools-for-stm32.13.3.rel1.win32_1.0.0.202411081344/tools/bin/../lib/gcc/arm-none-eabi/13.3.1/../../../../arm-none-eabi/lib/thumb/v6-m/nofp/crt0.o
LOAD ./Core/Src/main.o
LOAD ./Core/Src/stm32g0xx_hal_msp.o
LOAD ./Core/Src/stm32g0xx_it.o
LOAD ./Core/Src/syscalls.o
LOAD ./Core/Src/sysmem.o
LOAD ./Core/Src/system_stm32g0xx.o
LOAD ./Core/Startup/startup_stm32g071gbux.o
LOAD ./Drivers/STM32G0xx_HAL_Driver/Src/stm32g0xx_hal.o
LOAD ./Drivers/STM32G0xx_HAL_Driver/Src/stm32g0xx_hal_adc.o
LOAD ./Drivers/STM32G0xx_HAL_Driver/Src/stm32g0xx_hal_comp.o
LOAD ./Drivers/STM32G0xx_HAL_Driver/Src/stm32g0xx_hal_cortex.o
LOAD ./Drivers/STM32G0xx_HAL_Driver/Src/stm32g0xx_hal_dma.o
LOAD ./Drivers/STM32G0xx_HAL_Driver/Src/stm32g0xx_hal_dma_ex.o
LOAD ./Drivers/STM32G0xx_HAL_Driver/Src/stm32g0xx_hal_exti.o
LOAD ./Drivers/STM32G0xx_HAL_Driver/Src/stm32g0xx_hal_flash.o
LOAD ./Drivers/STM32G0xx_HAL_Driver/Src/stm32g0xx_hal_flash_ex.o
LOAD ./Drivers/STM32G0xx_HAL_Driver/Src/stm32g0xx_hal_gpio.o
LOAD ./Drivers/STM32G0xx_HAL_Driver/Src/stm32g0xx_hal_pwr.o
LOAD ./Drivers/STM32G0xx_HAL_Driver/Src/stm32g0xx_hal_pwr_ex.o
LOAD ./Drivers/STM32G0xx_HAL_Driver/Src/stm32g0xx_hal_rcc.o
LOAD ./Drivers/STM32G0xx_HAL_Driver/Src/stm32g0xx_hal_rcc_ex.o
LOAD ./Drivers/STM32G0xx_HAL_Driver/Src/stm32g0xx_hal_tim.o
LOAD ./Drivers/STM32G0xx_HAL_Driver/Src/stm32g0xx_hal_tim_ex.o
LOAD ./Drivers/STM32G0xx_HAL_Driver/Src/stm32g0xx_ll_adc.o
LOAD ./Drivers/STM32G0xx_HAL_Driver/Src/stm32g0xx_ll_rcc.o
START GROUP
LOAD C:/ST/STM32CubeIDE_1.18.0/STM32CubeIDE/plugins/com.st.stm32cube.ide.mcu.externaltools.gnu-tools-for-stm32.13.3.rel1.win32_1.0.0.202411081344/tools/bin/../lib/gcc/arm-none-eabi/13.3.1/../../../../arm-none-eabi/lib/thumb/v6-m/nofp\libc_nano.a
LOAD C:/ST/STM32CubeIDE_1.18.0/STM32CubeIDE/plugins/com.st.stm32cube.ide.mcu.externaltools.gnu-tools-for-stm32.13.3.rel1.win32_1.0.0.202411081344/tools/bin/../lib/gcc/arm-none-eabi/13.3.1/../../../../arm-none-eabi/lib/thumb/v6-m/nofp\libm.a
END GROUP
START GROUP
LOAD C:/ST/STM32CubeIDE_1.18.0/STM32CubeIDE/plugins/com.st.stm32cube.ide.mcu.externaltools.gnu-tools-for-stm32.13.3.rel1.win32_1.0.0.202411081344/tools/bin/../lib/gcc/arm-none-eabi/13.3.1/thumb/v6-m/nofp\libgcc.a
LOAD C:/ST/STM32CubeIDE_1.18.0/STM32CubeIDE/plugins/com.st.stm32cube.ide.mcu.externaltools.gnu-tools-for-stm32.13.3.rel1.win32_1.0.0.202411081344/tools/bin/../lib/gcc/arm-none-eabi/13.3.1/../../../../arm-none-eabi/lib/thumb/v6-m/nofp\libc_nano.a
END GROUP
START GROUP
LOAD C:/ST/STM32CubeIDE_1.18.0/STM32CubeIDE/plugins/com.st.stm32cube.ide.mcu.externaltools.gnu-tools-for-stm32.13.3.rel1.win32_1.0.0.202411081344/tools/bin/../lib/gcc/arm-none-eabi/13.3.1/thumb/v6-m/nofp\libgcc.a
LOAD C:/ST/STM32CubeIDE_1.18.0/STM32CubeIDE/plugins/com.st.stm32cube.ide.mcu.externaltools.gnu-tools-for-stm32.13.3.rel1.win32_1.0.0.202411081344/tools/bin/../lib/gcc/arm-none-eabi/13.3.1/../../../../arm-none-eabi/lib/thumb/v6-m/nofp\libc_nano.a
LOAD C:/ST/STM32CubeIDE_1.18.0/STM32CubeIDE/plugins/com.st.stm32cube.ide.mcu.externaltools.gnu-tools-for-stm32.13.3.rel1.win32_1.0.0.202411081344/tools/bin/../lib/gcc/arm-none-eabi/13.3.1/../../../../arm-none-eabi/lib/thumb/v6-m/nofp\libnosys.a
END GROUP
START GROUP
LOAD C:/ST/STM32CubeIDE_1.18.0/STM32CubeIDE/plugins/com.st.stm32cube.ide.mcu.externaltools.gnu-tools-for-stm32.13.3.rel1.win32_1.0.0.202411081344/tools/bin/../lib/gcc/arm-none-eabi/13.3.1/thumb/v6-m/nofp\libgcc.a
LOAD C:/ST/STM32CubeIDE_1.18.0/STM32CubeIDE/plugins/com.st.stm32cube.ide.mcu.externaltools.gnu-tools-for-stm32.13.3.rel1.win32_1.0.0.202411081344/tools/bin/../lib/gcc/arm-none-eabi/13.3.1/../../../../arm-none-eabi/lib/thumb/v6-m/nofp\libc_nano.a
LOAD C:/ST/STM32CubeIDE_1.18.0/STM32CubeIDE/plugins/com.st.stm32cube.ide.mcu.externaltools.gnu-tools-for-stm32.13.3.rel1.win32_1.0.0.202411081344/tools/bin/../lib/gcc/arm-none-eabi/13.3.1/../../../../arm-none-eabi/lib/thumb/v6-m/nofp\libnosys.a
END GROUP
LOAD C:/ST/STM32CubeIDE_1.18.0/STM32CubeIDE/plugins/com.st.stm32cube.ide.mcu.externaltools.gnu-tools-for-stm32.13.3.rel1.win32_1.0.0.202411081344/tools/bin/../lib/gcc/arm-none-eabi/13.3.1/thumb/v6-m/nofp/crtend.o
LOAD C:/ST/STM32CubeIDE_1.18.0/STM32CubeIDE/plugins/com.st.stm32cube.ide.mcu.externaltools.gnu-tools-for-stm32.13.3.rel1.win32_1.0.0.202411081344/tools/bin/../lib/gcc/arm-none-eabi/13.3.1/thumb/v6-m/nofp/crtn.o
                0x20009000                        _estack = (ORIGIN (RAM) + LENGTH (RAM))
                0x00000200                        _Min_Heap_Size = 0x200
                0x00000400                        _Min_Stack_Size = 0x400

.isr_vector     0x08000000       0xbc
                0x08000000                        . = ALIGN (0x4)
 *(.isr_vector)
 .isr_vector    0x08000000       0xbc ./Core/Startup/startup_stm32g071gbux.o
                0x08000000                g_pfnVectors
                0x080000bc                        . = ALIGN (0x4)

.text           0x080000bc     0x7270
                0x080000bc                        . = ALIGN (0x4)
 *(.text)
 .text          0x080000bc       0x48 C:/ST/STM32CubeIDE_1.18.0/STM32CubeIDE/plugins/com.st.stm32cube.ide.mcu.externaltools.gnu-tools-for-stm32.13.3.rel1.win32_1.0.0.202411081344/tools/bin/../lib/gcc/arm-none-eabi/13.3.1/thumb/v6-m/nofp/crtbegin.o
 .text          0x08000104      0x114 C:/ST/STM32CubeIDE_1.18.0/STM32CubeIDE/plugins/com.st.stm32cube.ide.mcu.externaltools.gnu-tools-for-stm32.13.3.rel1.win32_1.0.0.202411081344/tools/bin/../lib/gcc/arm-none-eabi/13.3.1/thumb/v6-m/nofp\libgcc.a(_udivsi3.o)
                0x08000104                __aeabi_uidiv
                0x08000104                __udivsi3
                0x08000210                __aeabi_uidivmod
 .text          0x08000218        0x4 C:/ST/STM32CubeIDE_1.18.0/STM32CubeIDE/plugins/com.st.stm32cube.ide.mcu.externaltools.gnu-tools-for-stm32.13.3.rel1.win32_1.0.0.202411081344/tools/bin/../lib/gcc/arm-none-eabi/13.3.1/thumb/v6-m/nofp\libgcc.a(_dvmd_tls.o)
                0x08000218                __aeabi_idiv0
                0x08000218                __aeabi_ldiv0
 .text          0x0800021c       0x74 C:/ST/STM32CubeIDE_1.18.0/STM32CubeIDE/plugins/com.st.stm32cube.ide.mcu.externaltools.gnu-tools-for-stm32.13.3.rel1.win32_1.0.0.202411081344/tools/bin/../lib/gcc/arm-none-eabi/13.3.1/thumb/v6-m/nofp\libgcc.a(_arm_cmpsf2.o)
                0x0800021c                __aeabi_cfrcmple
                0x08000224                __aeabi_cfcmpeq
                0x08000224                __aeabi_cfcmple
                0x08000234                __aeabi_fcmpeq
                0x08000240                __aeabi_fcmplt
                0x08000254                __aeabi_fcmple
                0x08000268                __aeabi_fcmpgt
                0x0800027c                __aeabi_fcmpge
 .text          0x08000290      0x22c C:/ST/STM32CubeIDE_1.18.0/STM32CubeIDE/plugins/com.st.stm32cube.ide.mcu.externaltools.gnu-tools-for-stm32.13.3.rel1.win32_1.0.0.202411081344/tools/bin/../lib/gcc/arm-none-eabi/13.3.1/thumb/v6-m/nofp\libgcc.a(divsf3.o)
                0x08000290                __aeabi_fdiv
 .text          0x080004bc       0x50 C:/ST/STM32CubeIDE_1.18.0/STM32CubeIDE/plugins/com.st.stm32cube.ide.mcu.externaltools.gnu-tools-for-stm32.13.3.rel1.win32_1.0.0.202411081344/tools/bin/../lib/gcc/arm-none-eabi/13.3.1/thumb/v6-m/nofp\libgcc.a(eqsf2.o)
                0x080004bc                __eqsf2
                0x080004bc                __nesf2
 .text          0x0800050c       0x90 C:/ST/STM32CubeIDE_1.18.0/STM32CubeIDE/plugins/com.st.stm32cube.ide.mcu.externaltools.gnu-tools-for-stm32.13.3.rel1.win32_1.0.0.202411081344/tools/bin/../lib/gcc/arm-none-eabi/13.3.1/thumb/v6-m/nofp\libgcc.a(gesf2.o)
                0x0800050c                __gesf2
                0x0800050c                __gtsf2
 .text          0x0800059c       0x90 C:/ST/STM32CubeIDE_1.18.0/STM32CubeIDE/plugins/com.st.stm32cube.ide.mcu.externaltools.gnu-tools-for-stm32.13.3.rel1.win32_1.0.0.202411081344/tools/bin/../lib/gcc/arm-none-eabi/13.3.1/thumb/v6-m/nofp\libgcc.a(lesf2.o)
                0x0800059c                __ltsf2
                0x0800059c                __lesf2
 .text          0x0800062c      0x2b4 C:/ST/STM32CubeIDE_1.18.0/STM32CubeIDE/plugins/com.st.stm32cube.ide.mcu.externaltools.gnu-tools-for-stm32.13.3.rel1.win32_1.0.0.202411081344/tools/bin/../lib/gcc/arm-none-eabi/13.3.1/thumb/v6-m/nofp\libgcc.a(mulsf3.o)
                0x0800062c                __aeabi_fmul
 .text          0x080008e0       0x8c C:/ST/STM32CubeIDE_1.18.0/STM32CubeIDE/plugins/com.st.stm32cube.ide.mcu.externaltools.gnu-tools-for-stm32.13.3.rel1.win32_1.0.0.202411081344/tools/bin/../lib/gcc/arm-none-eabi/13.3.1/thumb/v6-m/nofp\libgcc.a(floatunsisf.o)
                0x080008e0                __aeabi_ui2f
 .text          0x0800096c       0x3c C:/ST/STM32CubeIDE_1.18.0/STM32CubeIDE/plugins/com.st.stm32cube.ide.mcu.externaltools.gnu-tools-for-stm32.13.3.rel1.win32_1.0.0.202411081344/tools/bin/../lib/gcc/arm-none-eabi/13.3.1/thumb/v6-m/nofp\libgcc.a(_clzsi2.o)
                0x0800096c                __clzsi2
 *(.text*)
 .text.__NVIC_EnableIRQ
                0x080009a8       0x34 ./Core/Src/main.o
 .text.__NVIC_DisableIRQ
                0x080009dc       0x44 ./Core/Src/main.o
 .text.main     0x08000a20      0x104 ./Core/Src/main.o
                0x08000a20                main
 .text.HAL_ADC_ConvCpltCallback
                0x08000b24       0xa4 ./Core/Src/main.o
                0x08000b24                HAL_ADC_ConvCpltCallback
 .text.Convert_To_Amps
                0x08000bc8       0x44 ./Core/Src/main.o
                0x08000bc8                Convert_To_Amps
 .text.Monitor_VREF
                0x08000c0c       0x54 ./Core/Src/main.o
                0x08000c0c                Monitor_VREF
 .text.Perform_Startup_Diagnostics
                0x08000c60       0xe0 ./Core/Src/main.o
                0x08000c60                Perform_Startup_Diagnostics
 .text.Emergency_Shutdown
                0x08000d40       0x88 ./Core/Src/main.o
                0x08000d40                Emergency_Shutdown
 .text.Execute_Forced_Alignment
                0x08000dc8       0x60 ./Core/Src/main.o
                0x08000dc8                Execute_Forced_Alignment
 .text.Run_Open_Loop_Ramp
                0x08000e28       0x52 ./Core/Src/main.o
                0x08000e28                Run_Open_Loop_Ramp
 *fill*         0x08000e7a        0x2 
 .text.BLDC_Set_Step
                0x08000e7c      0x214 ./Core/Src/main.o
                0x08000e7c                BLDC_Set_Step
 .text.Start_Demag_Blanking
                0x08001090       0x20 ./Core/Src/main.o
                0x08001090                Start_Demag_Blanking
 .text.SystemClock_Config
                0x080010b0       0xc4 ./Core/Src/main.o
                0x080010b0                SystemClock_Config
 .text.MX_ADC1_Init
                0x08001174       0xf8 ./Core/Src/main.o
 .text.MX_COMP1_Init
                0x0800126c       0x58 ./Core/Src/main.o
 .text.MX_COMP2_Init
                0x080012c4       0x58 ./Core/Src/main.o
 .text.MX_TIM1_Init
                0x0800131c      0x138 ./Core/Src/main.o
 .text.MX_TIM14_Init
                0x08001454       0x78 ./Core/Src/main.o
 .text.MX_DMA_Init
                0x080014cc       0x88 ./Core/Src/main.o
 .text.MX_GPIO_Init
                0x08001554       0xa8 ./Core/Src/main.o
 .text.Error_Handler
                0x080015fc        0xc ./Core/Src/main.o
                0x080015fc                Error_Handler
 .text.assert_failed
                0x08001608       0x12 ./Core/Src/main.o
                0x08001608                assert_failed
 *fill*         0x0800161a        0x2 
 .text.HAL_MspInit
                0x0800161c       0x48 ./Core/Src/stm32g0xx_hal_msp.o
                0x0800161c                HAL_MspInit
 .text.HAL_ADC_MspInit
                0x08001664       0x88 ./Core/Src/stm32g0xx_hal_msp.o
                0x08001664                HAL_ADC_MspInit
 .text.HAL_COMP_MspInit
                0x080016ec       0xf0 ./Core/Src/stm32g0xx_hal_msp.o
                0x080016ec                HAL_COMP_MspInit
 .text.HAL_TIM_Base_MspInit
                0x080017dc       0x94 ./Core/Src/stm32g0xx_hal_msp.o
                0x080017dc                HAL_TIM_Base_MspInit
 .text.NMI_Handler
                0x08001870        0x8 ./Core/Src/stm32g0xx_it.o
                0x08001870                NMI_Handler
 .text.HardFault_Handler
                0x08001878        0x8 ./Core/Src/stm32g0xx_it.o
                0x08001878                HardFault_Handler
 .text.SVC_Handler
                0x08001880        0xa ./Core/Src/stm32g0xx_it.o
                0x08001880                SVC_Handler
 .text.PendSV_Handler
                0x0800188a        0xa ./Core/Src/stm32g0xx_it.o
                0x0800188a                PendSV_Handler
 .text.SysTick_Handler
                0x08001894        0xe ./Core/Src/stm32g0xx_it.o
                0x08001894                SysTick_Handler
 .text.SystemInit
                0x080018a2        0xa ./Core/Src/system_stm32g0xx.o
                0x080018a2                SystemInit
 .text.Reset_Handler
                0x080018ac       0x50 ./Core/Startup/startup_stm32g071gbux.o
                0x080018ac                Reset_Handler
 .text.Default_Handler
                0x080018fc        0x2 ./Core/Startup/startup_stm32g071gbux.o
                0x080018fc                USART3_4_LPUART1_IRQHandler
                0x080018fc                TIM1_CC_IRQHandler
                0x080018fc                ADC1_COMP_IRQHandler
                0x080018fc                PVD_IRQHandler
                0x080018fc                I2C1_IRQHandler
                0x080018fc                TIM7_LPTIM2_IRQHandler
                0x080018fc                RTC_TAMP_IRQHandler
                0x080018fc                SPI1_IRQHandler
                0x080018fc                EXTI2_3_IRQHandler
                0x080018fc                I2C2_IRQHandler
                0x080018fc                TIM17_IRQHandler
                0x080018fc                TIM16_IRQHandler
                0x080018fc                TIM3_IRQHandler
                0x080018fc                EXTI4_15_IRQHandler
                0x080018fc                RCC_IRQHandler
                0x080018fc                DMA1_Channel1_IRQHandler
                0x080018fc                Default_Handler
                0x080018fc                CEC_IRQHandler
                0x080018fc                TIM14_IRQHandler
                0x080018fc                TIM15_IRQHandler
                0x080018fc                EXTI0_1_IRQHandler
                0x080018fc                SPI2_IRQHandler
                0x080018fc                TIM6_DAC_LPTIM1_IRQHandler
                0x080018fc                WWDG_IRQHandler
                0x080018fc                TIM2_IRQHandler
                0x080018fc                DMA1_Ch4_7_DMAMUX1_OVR_IRQHandler
                0x080018fc                DMA1_Channel2_3_IRQHandler
                0x080018fc                UCPD1_2_IRQHandler
                0x080018fc                USART2_IRQHandler
                0x080018fc                FLASH_IRQHandler
                0x080018fc                USART1_IRQHandler
                0x080018fc                TIM1_BRK_UP_TRG_COM_IRQHandler
 *fill*         0x080018fe        0x2 
 .text.HAL_Init
                0x08001900       0x40 ./Drivers/STM32G0xx_HAL_Driver/Src/stm32g0xx_hal.o
                0x08001900                HAL_Init
 .text.HAL_InitTick
                0x08001940       0x94 ./Drivers/STM32G0xx_HAL_Driver/Src/stm32g0xx_hal.o
                0x08001940                HAL_InitTick
 .text.HAL_IncTick
                0x080019d4       0x24 ./Drivers/STM32G0xx_HAL_Driver/Src/stm32g0xx_hal.o
                0x080019d4                HAL_IncTick
 .text.HAL_GetTick
                0x080019f8       0x14 ./Drivers/STM32G0xx_HAL_Driver/Src/stm32g0xx_hal.o
                0x080019f8                HAL_GetTick
 .text.HAL_Delay
                0x08001a0c       0x48 ./Drivers/STM32G0xx_HAL_Driver/Src/stm32g0xx_hal.o
                0x08001a0c                HAL_Delay
 .text.LL_ADC_SetCommonPathInternalCh
                0x08001a54       0x28 ./Drivers/STM32G0xx_HAL_Driver/Src/stm32g0xx_hal_adc.o
 .text.LL_ADC_GetCommonPathInternalCh
                0x08001a7c       0x1a ./Drivers/STM32G0xx_HAL_Driver/Src/stm32g0xx_hal_adc.o
 .text.LL_ADC_SetSamplingTimeCommonChannels
                0x08001a96       0x3a ./Drivers/STM32G0xx_HAL_Driver/Src/stm32g0xx_hal_adc.o
 .text.LL_ADC_GetSamplingTimeCommonChannels
                0x08001ad0       0x2e ./Drivers/STM32G0xx_HAL_Driver/Src/stm32g0xx_hal_adc.o
 .text.LL_ADC_REG_IsTriggerSourceSWStart
                0x08001afe       0x22 ./Drivers/STM32G0xx_HAL_Driver/Src/stm32g0xx_hal_adc.o
 .text.LL_ADC_REG_SetSequencerRanks
                0x08001b20       0x40 ./Drivers/STM32G0xx_HAL_Driver/Src/stm32g0xx_hal_adc.o
 .text.LL_ADC_REG_SetSequencerChAdd
                0x08001b60       0x22 ./Drivers/STM32G0xx_HAL_Driver/Src/stm32g0xx_hal_adc.o
 .text.LL_ADC_REG_SetSequencerChRem
                0x08001b82       0x24 ./Drivers/STM32G0xx_HAL_Driver/Src/stm32g0xx_hal_adc.o
 *fill*         0x08001ba6        0x2 
 .text.LL_ADC_SetChannelSamplingTime
                0x08001ba8       0x38 ./Drivers/STM32G0xx_HAL_Driver/Src/stm32g0xx_hal_adc.o
 .text.LL_ADC_EnableInternalRegulator
                0x08001be0       0x28 ./Drivers/STM32G0xx_HAL_Driver/Src/stm32g0xx_hal_adc.o
 .text.LL_ADC_IsInternalRegulatorEnabled
                0x08001c08       0x28 ./Drivers/STM32G0xx_HAL_Driver/Src/stm32g0xx_hal_adc.o
 .text.LL_ADC_Enable
                0x08001c30       0x24 ./Drivers/STM32G0xx_HAL_Driver/Src/stm32g0xx_hal_adc.o
 .text.LL_ADC_Disable
                0x08001c54       0x24 ./Drivers/STM32G0xx_HAL_Driver/Src/stm32g0xx_hal_adc.o
 .text.LL_ADC_IsEnabled
                0x08001c78       0x22 ./Drivers/STM32G0xx_HAL_Driver/Src/stm32g0xx_hal_adc.o
 *fill*         0x08001c9a        0x2 
 .text.LL_ADC_REG_StartConversion
                0x08001c9c       0x24 ./Drivers/STM32G0xx_HAL_Driver/Src/stm32g0xx_hal_adc.o
 .text.LL_ADC_REG_IsConversionOngoing
                0x08001cc0       0x22 ./Drivers/STM32G0xx_HAL_Driver/Src/stm32g0xx_hal_adc.o
 *fill*         0x08001ce2        0x2 
 .text.HAL_ADC_Init
                0x08001ce4      0x85c ./Drivers/STM32G0xx_HAL_Driver/Src/stm32g0xx_hal_adc.o
                0x08001ce4                HAL_ADC_Init
 .text.HAL_ADC_Start_DMA
                0x08002540      0x13c ./Drivers/STM32G0xx_HAL_Driver/Src/stm32g0xx_hal_adc.o
                0x08002540                HAL_ADC_Start_DMA
 .text.HAL_ADC_ConvHalfCpltCallback
                0x0800267c       0x10 ./Drivers/STM32G0xx_HAL_Driver/Src/stm32g0xx_hal_adc.o
                0x0800267c                HAL_ADC_ConvHalfCpltCallback
 .text.HAL_ADC_ErrorCallback
                0x0800268c       0x10 ./Drivers/STM32G0xx_HAL_Driver/Src/stm32g0xx_hal_adc.o
                0x0800268c                HAL_ADC_ErrorCallback
 .text.HAL_ADC_ConfigChannel
                0x0800269c      0x5e4 ./Drivers/STM32G0xx_HAL_Driver/Src/stm32g0xx_hal_adc.o
                0x0800269c                HAL_ADC_ConfigChannel
 .text.ADC_Enable
                0x08002c80      0x10c ./Drivers/STM32G0xx_HAL_Driver/Src/stm32g0xx_hal_adc.o
                0x08002c80                ADC_Enable
 .text.ADC_DMAConvCplt
                0x08002d8c       0xc8 ./Drivers/STM32G0xx_HAL_Driver/Src/stm32g0xx_hal_adc.o
 .text.ADC_DMAHalfConvCplt
                0x08002e54       0x1e ./Drivers/STM32G0xx_HAL_Driver/Src/stm32g0xx_hal_adc.o
 .text.ADC_DMAError
                0x08002e72       0x36 ./Drivers/STM32G0xx_HAL_Driver/Src/stm32g0xx_hal_adc.o
 .text.LL_EXTI_EnableIT_0_31
                0x08002ea8       0x24 ./Drivers/STM32G0xx_HAL_Driver/Src/stm32g0xx_hal_comp.o
 .text.LL_EXTI_DisableIT_0_31
                0x08002ecc       0x28 ./Drivers/STM32G0xx_HAL_Driver/Src/stm32g0xx_hal_comp.o
 .text.LL_EXTI_EnableEvent_0_31
                0x08002ef4       0x24 ./Drivers/STM32G0xx_HAL_Driver/Src/stm32g0xx_hal_comp.o
 .text.LL_EXTI_DisableEvent_0_31
                0x08002f18       0x28 ./Drivers/STM32G0xx_HAL_Driver/Src/stm32g0xx_hal_comp.o
 .text.LL_EXTI_EnableRisingTrig_0_31
                0x08002f40       0x20 ./Drivers/STM32G0xx_HAL_Driver/Src/stm32g0xx_hal_comp.o
 .text.LL_EXTI_DisableRisingTrig_0_31
                0x08002f60       0x24 ./Drivers/STM32G0xx_HAL_Driver/Src/stm32g0xx_hal_comp.o
 .text.LL_EXTI_EnableFallingTrig_0_31
                0x08002f84       0x20 ./Drivers/STM32G0xx_HAL_Driver/Src/stm32g0xx_hal_comp.o
 .text.LL_EXTI_DisableFallingTrig_0_31
                0x08002fa4       0x24 ./Drivers/STM32G0xx_HAL_Driver/Src/stm32g0xx_hal_comp.o
 .text.LL_EXTI_ClearFallingFlag_0_31
                0x08002fc8       0x1c ./Drivers/STM32G0xx_HAL_Driver/Src/stm32g0xx_hal_comp.o
 .text.LL_EXTI_ClearRisingFlag_0_31
                0x08002fe4       0x1c ./Drivers/STM32G0xx_HAL_Driver/Src/stm32g0xx_hal_comp.o
 .text.HAL_COMP_Init
                0x08003000      0x4f8 ./Drivers/STM32G0xx_HAL_Driver/Src/stm32g0xx_hal_comp.o
                0x08003000                HAL_COMP_Init
 .text.HAL_COMP_Start
                0x080034f8       0xd4 ./Drivers/STM32G0xx_HAL_Driver/Src/stm32g0xx_hal_comp.o
                0x080034f8                HAL_COMP_Start
 .text.HAL_COMP_Stop
                0x080035cc       0xa8 ./Drivers/STM32G0xx_HAL_Driver/Src/stm32g0xx_hal_comp.o
                0x080035cc                HAL_COMP_Stop
 .text.__NVIC_EnableIRQ
                0x08003674       0x34 ./Drivers/STM32G0xx_HAL_Driver/Src/stm32g0xx_hal_cortex.o
 .text.__NVIC_SetPriority
                0x080036a8       0xdc ./Drivers/STM32G0xx_HAL_Driver/Src/stm32g0xx_hal_cortex.o
 .text.SysTick_Config
                0x08003784       0x48 ./Drivers/STM32G0xx_HAL_Driver/Src/stm32g0xx_hal_cortex.o
 .text.HAL_NVIC_SetPriority
                0x080037cc       0x40 ./Drivers/STM32G0xx_HAL_Driver/Src/stm32g0xx_hal_cortex.o
                0x080037cc                HAL_NVIC_SetPriority
 .text.HAL_NVIC_EnableIRQ
                0x0800380c       0x38 ./Drivers/STM32G0xx_HAL_Driver/Src/stm32g0xx_hal_cortex.o
                0x0800380c                HAL_NVIC_EnableIRQ
 .text.HAL_SYSTICK_Config
                0x08003844       0x1a ./Drivers/STM32G0xx_HAL_Driver/Src/stm32g0xx_hal_cortex.o
                0x08003844                HAL_SYSTICK_Config
 *fill*         0x0800385e        0x2 
 .text.HAL_DMA_Init
                0x08003860      0x294 ./Drivers/STM32G0xx_HAL_Driver/Src/stm32g0xx_hal_dma.o
                0x08003860                HAL_DMA_Init
 .text.HAL_DMA_Start_IT
                0x08003af4      0x134 ./Drivers/STM32G0xx_HAL_Driver/Src/stm32g0xx_hal_dma.o
                0x08003af4                HAL_DMA_Start_IT
 .text.DMA_SetConfig
                0x08003c28       0x80 ./Drivers/STM32G0xx_HAL_Driver/Src/stm32g0xx_hal_dma.o
 .text.DMA_CalcDMAMUXChannelBaseAndMask
                0x08003ca8       0x58 ./Drivers/STM32G0xx_HAL_Driver/Src/stm32g0xx_hal_dma.o
 .text.DMA_CalcDMAMUXRequestGenBaseAndMask
                0x08003d00       0x48 ./Drivers/STM32G0xx_HAL_Driver/Src/stm32g0xx_hal_dma.o
 .text.HAL_GPIO_Init
                0x08003d48      0x458 ./Drivers/STM32G0xx_HAL_Driver/Src/stm32g0xx_hal_gpio.o
                0x08003d48                HAL_GPIO_Init
 .text.HAL_PWREx_ControlVoltageScaling
                0x080041a0       0xa8 ./Drivers/STM32G0xx_HAL_Driver/Src/stm32g0xx_hal_pwr_ex.o
                0x080041a0                HAL_PWREx_ControlVoltageScaling
 .text.HAL_RCC_OscConfig
                0x08004248      0x8dc ./Drivers/STM32G0xx_HAL_Driver/Src/stm32g0xx_hal_rcc.o
                0x08004248                HAL_RCC_OscConfig
 .text.HAL_RCC_ClockConfig
                0x08004b24      0x350 ./Drivers/STM32G0xx_HAL_Driver/Src/stm32g0xx_hal_rcc.o
                0x08004b24                HAL_RCC_ClockConfig
 .text.HAL_RCC_GetSysClockFreq
                0x08004e74      0x104 ./Drivers/STM32G0xx_HAL_Driver/Src/stm32g0xx_hal_rcc.o
                0x08004e74                HAL_RCC_GetSysClockFreq
 .text.HAL_RCCEx_PeriphCLKConfig
                0x08004f78      0x650 ./Drivers/STM32G0xx_HAL_Driver/Src/stm32g0xx_hal_rcc_ex.o
                0x08004f78                HAL_RCCEx_PeriphCLKConfig
 .text.HAL_TIM_Base_Init
                0x080055c8      0x210 ./Drivers/STM32G0xx_HAL_Driver/Src/stm32g0xx_hal_tim.o
                0x080055c8                HAL_TIM_Base_Init
 .text.HAL_TIM_Base_Start_IT
                0x080057d8      0x13c ./Drivers/STM32G0xx_HAL_Driver/Src/stm32g0xx_hal_tim.o
                0x080057d8                HAL_TIM_Base_Start_IT
 .text.HAL_TIM_PWM_Init
                0x08005914      0x218 ./Drivers/STM32G0xx_HAL_Driver/Src/stm32g0xx_hal_tim.o
                0x08005914                HAL_TIM_PWM_Init
 .text.HAL_TIM_PWM_MspInit
                0x08005b2c       0x10 ./Drivers/STM32G0xx_HAL_Driver/Src/stm32g0xx_hal_tim.o
                0x08005b2c                HAL_TIM_PWM_MspInit
 .text.HAL_TIM_PWM_Start
                0x08005b3c      0x2ac ./Drivers/STM32G0xx_HAL_Driver/Src/stm32g0xx_hal_tim.o
                0x08005b3c                HAL_TIM_PWM_Start
 .text.HAL_TIM_PWM_ConfigChannel
                0x08005de8      0x414 ./Drivers/STM32G0xx_HAL_Driver/Src/stm32g0xx_hal_tim.o
                0x08005de8                HAL_TIM_PWM_ConfigChannel
 .text.TIM_Base_SetConfig
                0x080061fc      0x114 ./Drivers/STM32G0xx_HAL_Driver/Src/stm32g0xx_hal_tim.o
                0x080061fc                TIM_Base_SetConfig
 .text.TIM_OC1_SetConfig
                0x08006310      0x184 ./Drivers/STM32G0xx_HAL_Driver/Src/stm32g0xx_hal_tim.o
 .text.TIM_OC2_SetConfig
                0x08006494      0x17c ./Drivers/STM32G0xx_HAL_Driver/Src/stm32g0xx_hal_tim.o
                0x08006494                TIM_OC2_SetConfig
 .text.TIM_OC3_SetConfig
                0x08006610      0x180 ./Drivers/STM32G0xx_HAL_Driver/Src/stm32g0xx_hal_tim.o
 .text.TIM_OC4_SetConfig
                0x08006790       0xfc ./Drivers/STM32G0xx_HAL_Driver/Src/stm32g0xx_hal_tim.o
 .text.TIM_OC5_SetConfig
                0x0800688c       0xc0 ./Drivers/STM32G0xx_HAL_Driver/Src/stm32g0xx_hal_tim.o
 .text.TIM_OC6_SetConfig
                0x0800694c       0xc8 ./Drivers/STM32G0xx_HAL_Driver/Src/stm32g0xx_hal_tim.o
 .text.TIM_CCxChannelCmd
                0x08006a14       0xe8 ./Drivers/STM32G0xx_HAL_Driver/Src/stm32g0xx_hal_tim.o
                0x08006a14                TIM_CCxChannelCmd
 .text.HAL_TIMEx_PWMN_Start
                0x08006afc      0x1b0 ./Drivers/STM32G0xx_HAL_Driver/Src/stm32g0xx_hal_tim_ex.o
                0x08006afc                HAL_TIMEx_PWMN_Start
 .text.HAL_TIMEx_MasterConfigSynchronization
                0x08006cac      0x280 ./Drivers/STM32G0xx_HAL_Driver/Src/stm32g0xx_hal_tim_ex.o
                0x08006cac                HAL_TIMEx_MasterConfigSynchronization
 .text.HAL_TIMEx_ConfigBreakDeadTime
                0x08006f2c      0x348 ./Drivers/STM32G0xx_HAL_Driver/Src/stm32g0xx_hal_tim_ex.o
                0x08006f2c                HAL_TIMEx_ConfigBreakDeadTime
 .text.TIM_CCxNChannelCmd
                0x08007274       0x46 ./Drivers/STM32G0xx_HAL_Driver/Src/stm32g0xx_hal_tim_ex.o
 .text.memset   0x080072ba       0x10 C:/ST/STM32CubeIDE_1.18.0/STM32CubeIDE/plugins/com.st.stm32cube.ide.mcu.externaltools.gnu-tools-for-stm32.13.3.rel1.win32_1.0.0.202411081344/tools/bin/../lib/gcc/arm-none-eabi/13.3.1/../../../../arm-none-eabi/lib/thumb/v6-m/nofp\libc_nano.a(libc_a-memset.o)
                0x080072ba                memset
 *fill*         0x080072ca        0x2 
 .text.__libc_init_array
                0x080072cc       0x48 C:/ST/STM32CubeIDE_1.18.0/STM32CubeIDE/plugins/com.st.stm32cube.ide.mcu.externaltools.gnu-tools-for-stm32.13.3.rel1.win32_1.0.0.202411081344/tools/bin/../lib/gcc/arm-none-eabi/13.3.1/../../../../arm-none-eabi/lib/thumb/v6-m/nofp\libc_nano.a(libc_a-init.o)
                0x080072cc                __libc_init_array
 *(.glue_7)
 .glue_7        0x08007314        0x0 linker stubs
 *(.glue_7t)
 .glue_7t       0x08007314        0x0 linker stubs
 *(.eh_frame)
 .eh_frame      0x08007314        0x0 C:/ST/STM32CubeIDE_1.18.0/STM32CubeIDE/plugins/com.st.stm32cube.ide.mcu.externaltools.gnu-tools-for-stm32.13.3.rel1.win32_1.0.0.202411081344/tools/bin/../lib/gcc/arm-none-eabi/13.3.1/thumb/v6-m/nofp/crtbegin.o
 *(.init)
 .init          0x08007314        0x4 C:/ST/STM32CubeIDE_1.18.0/STM32CubeIDE/plugins/com.st.stm32cube.ide.mcu.externaltools.gnu-tools-for-stm32.13.3.rel1.win32_1.0.0.202411081344/tools/bin/../lib/gcc/arm-none-eabi/13.3.1/thumb/v6-m/nofp/crti.o
                0x08007314                _init
 .init          0x08007318        0x8 C:/ST/STM32CubeIDE_1.18.0/STM32CubeIDE/plugins/com.st.stm32cube.ide.mcu.externaltools.gnu-tools-for-stm32.13.3.rel1.win32_1.0.0.202411081344/tools/bin/../lib/gcc/arm-none-eabi/13.3.1/thumb/v6-m/nofp/crtn.o
 *(.fini)
 .fini          0x08007320        0x4 C:/ST/STM32CubeIDE_1.18.0/STM32CubeIDE/plugins/com.st.stm32cube.ide.mcu.externaltools.gnu-tools-for-stm32.13.3.rel1.win32_1.0.0.202411081344/tools/bin/../lib/gcc/arm-none-eabi/13.3.1/thumb/v6-m/nofp/crti.o
                0x08007320                _fini
 .fini          0x08007324        0x8 C:/ST/STM32CubeIDE_1.18.0/STM32CubeIDE/plugins/com.st.stm32cube.ide.mcu.externaltools.gnu-tools-for-stm32.13.3.rel1.win32_1.0.0.202411081344/tools/bin/../lib/gcc/arm-none-eabi/13.3.1/thumb/v6-m/nofp/crtn.o
                0x0800732c                        . = ALIGN (0x4)
                0x0800732c                        _etext = .

.vfp11_veneer   0x0800732c        0x0
 .vfp11_veneer  0x0800732c        0x0 linker stubs

.v4_bx          0x0800732c        0x0
 .v4_bx         0x0800732c        0x0 linker stubs

.iplt           0x0800732c        0x0
 .iplt          0x0800732c        0x0 C:/ST/STM32CubeIDE_1.18.0/STM32CubeIDE/plugins/com.st.stm32cube.ide.mcu.externaltools.gnu-tools-for-stm32.13.3.rel1.win32_1.0.0.202411081344/tools/bin/../lib/gcc/arm-none-eabi/13.3.1/thumb/v6-m/nofp/crtbegin.o

.rodata         0x0800732c      0x374
                0x0800732c                        . = ALIGN (0x4)
 *(.rodata)
 .rodata        0x0800732c       0x38 ./Drivers/STM32G0xx_HAL_Driver/Src/stm32g0xx_hal_adc.o
 .rodata        0x08007364       0x39 ./Drivers/STM32G0xx_HAL_Driver/Src/stm32g0xx_hal_comp.o
 *fill*         0x0800739d        0x3 
 .rodata        0x080073a0       0x3b ./Drivers/STM32G0xx_HAL_Driver/Src/stm32g0xx_hal_cortex.o
 *fill*         0x080073db        0x1 
 .rodata        0x080073dc       0x38 ./Drivers/STM32G0xx_HAL_Driver/Src/stm32g0xx_hal_dma.o
 .rodata        0x08007414       0x39 ./Drivers/STM32G0xx_HAL_Driver/Src/stm32g0xx_hal_gpio.o
 *fill*         0x0800744d        0x3 
 .rodata        0x08007450       0x3b ./Drivers/STM32G0xx_HAL_Driver/Src/stm32g0xx_hal_pwr_ex.o
 *fill*         0x0800748b        0x1 
 .rodata        0x0800748c       0x38 ./Drivers/STM32G0xx_HAL_Driver/Src/stm32g0xx_hal_rcc.o
 .rodata        0x080074c4       0x3b ./Drivers/STM32G0xx_HAL_Driver/Src/stm32g0xx_hal_rcc_ex.o
 *fill*         0x080074ff        0x1 
 .rodata        0x08007500       0x38 ./Drivers/STM32G0xx_HAL_Driver/Src/stm32g0xx_hal_tim.o
 .rodata        0x08007538       0x3b ./Drivers/STM32G0xx_HAL_Driver/Src/stm32g0xx_hal_tim_ex.o
 *fill*         0x08007573        0x1 
 .rodata        0x08007574       0x7c C:/ST/STM32CubeIDE_1.18.0/STM32CubeIDE/plugins/com.st.stm32cube.ide.mcu.externaltools.gnu-tools-for-stm32.13.3.rel1.win32_1.0.0.202411081344/tools/bin/../lib/gcc/arm-none-eabi/13.3.1/thumb/v6-m/nofp\libgcc.a(divsf3.o)
 *(.rodata*)
 .rodata.BLDC_Set_Step
                0x080075f0       0x1c ./Core/Src/main.o
 .rodata.AHBPrescTable
                0x0800760c       0x40 ./Core/Src/system_stm32g0xx.o
                0x0800760c                AHBPrescTable
 .rodata.HAL_TIM_PWM_ConfigChannel
                0x0800764c       0x54 ./Drivers/STM32G0xx_HAL_Driver/Src/stm32g0xx_hal_tim.o
                0x080076a0                        . = ALIGN (0x4)

.ARM.extab      0x080076a0        0x0
                0x080076a0                        . = ALIGN (0x4)
 *(.ARM.extab* .gnu.linkonce.armextab.*)
                0x080076a0                        . = ALIGN (0x4)

.ARM            0x080076a0        0x0
                0x080076a0                        . = ALIGN (0x4)
                0x080076a0                        __exidx_start = .
 *(.ARM.exidx*)
                0x080076a0                        __exidx_end = .
                0x080076a0                        . = ALIGN (0x4)

.preinit_array  0x080076a0        0x0
                0x080076a0                        . = ALIGN (0x4)
                0x080076a0                        PROVIDE (__preinit_array_start = .)
 *(.preinit_array*)
                0x080076a0                        PROVIDE (__preinit_array_end = .)
                0x080076a0                        . = ALIGN (0x4)

.init_array     0x080076a0        0x4
                0x080076a0                        . = ALIGN (0x4)
                0x080076a0                        PROVIDE (__init_array_start = .)
 *(SORT_BY_NAME(.init_array.*))
 *(.init_array*)
 .init_array    0x080076a0        0x4 C:/ST/STM32CubeIDE_1.18.0/STM32CubeIDE/plugins/com.st.stm32cube.ide.mcu.externaltools.gnu-tools-for-stm32.13.3.rel1.win32_1.0.0.202411081344/tools/bin/../lib/gcc/arm-none-eabi/13.3.1/thumb/v6-m/nofp/crtbegin.o
                0x080076a4                        PROVIDE (__init_array_end = .)
                0x080076a4                        . = ALIGN (0x4)

.fini_array     0x080076a4        0x4
                0x080076a4                        . = ALIGN (0x4)
                [!provide]                        PROVIDE (__fini_array_start = .)
 *(SORT_BY_NAME(.fini_array.*))
 *(.fini_array*)
 .fini_array    0x080076a4        0x4 C:/ST/STM32CubeIDE_1.18.0/STM32CubeIDE/plugins/com.st.stm32cube.ide.mcu.externaltools.gnu-tools-for-stm32.13.3.rel1.win32_1.0.0.202411081344/tools/bin/../lib/gcc/arm-none-eabi/13.3.1/thumb/v6-m/nofp/crtbegin.o
                [!provide]                        PROVIDE (__fini_array_end = .)
                0x080076a8                        . = ALIGN (0x4)
                0x080076a8                        _sidata = LOADADDR (.data)

.rel.dyn        0x080076a8        0x0
 .rel.iplt      0x080076a8        0x0 C:/ST/STM32CubeIDE_1.18.0/STM32CubeIDE/plugins/com.st.stm32cube.ide.mcu.externaltools.gnu-tools-for-stm32.13.3.rel1.win32_1.0.0.202411081344/tools/bin/../lib/gcc/arm-none-eabi/13.3.1/thumb/v6-m/nofp/crtbegin.o

.data           0x20000000       0x10 load address 0x080076a8
                0x20000000                        . = ALIGN (0x4)
                0x20000000                        _sdata = .
 *(.data)
 *(.data*)
 .data.target_pwm_duty
                0x20000000        0x4 ./Core/Src/main.o
                0x20000000                target_pwm_duty
 .data.SystemCoreClock
                0x20000004        0x4 ./Core/Src/system_stm32g0xx.o
                0x20000004                SystemCoreClock
 .data.uwTickPrio
                0x20000008        0x4 ./Drivers/STM32G0xx_HAL_Driver/Src/stm32g0xx_hal.o
                0x20000008                uwTickPrio
 .data.uwTickFreq
                0x2000000c        0x1 ./Drivers/STM32G0xx_HAL_Driver/Src/stm32g0xx_hal.o
                0x2000000c                uwTickFreq
 *(.RamFunc)
 *(.RamFunc*)
                0x20000010                        . = ALIGN (0x4)
 *fill*         0x2000000d        0x3 
                0x20000010                        _edata = .

.igot.plt       0x20000010        0x0 load address 0x080076b8
 .igot.plt      0x20000010        0x0 C:/ST/STM32CubeIDE_1.18.0/STM32CubeIDE/plugins/com.st.stm32cube.ide.mcu.externaltools.gnu-tools-for-stm32.13.3.rel1.win32_1.0.0.202411081344/tools/bin/../lib/gcc/arm-none-eabi/13.3.1/thumb/v6-m/nofp/crtbegin.o
                0x20000010                        . = ALIGN (0x4)

.bss            0x20000010      0x20c load address 0x080076b8
                0x20000010                        _sbss = .
                0x20000010                        __bss_start__ = _sbss
 *(.bss)
 .bss           0x20000010       0x1c C:/ST/STM32CubeIDE_1.18.0/STM32CubeIDE/plugins/com.st.stm32cube.ide.mcu.externaltools.gnu-tools-for-stm32.13.3.rel1.win32_1.0.0.202411081344/tools/bin/../lib/gcc/arm-none-eabi/13.3.1/thumb/v6-m/nofp/crtbegin.o
 *(.bss*)
 .bss.current_step
                0x2000002c        0x1 ./Core/Src/main.o
                0x2000002c                current_step
 .bss.motor_state
                0x2000002d        0x1 ./Core/Src/main.o
                0x2000002d                motor_state
 .bss.is_closed_loop
                0x2000002e        0x1 ./Core/Src/main.o
                0x2000002e                is_closed_loop
 *fill*         0x2000002f        0x1 
 .bss.last_commutation_time
                0x20000030        0x4 ./Core/Src/main.o
                0x20000030                last_commutation_time
 .bss.blanking_counter
                0x20000034        0x4 ./Core/Src/main.o
                0x20000034                blanking_counter
 .bss.blanking_active
                0x20000038        0x1 ./Core/Src/main.o
                0x20000038                blanking_active
 *fill*         0x20000039        0x3 
 .bss.vref_voltage
                0x2000003c        0x4 ./Core/Src/main.o
                0x2000003c                vref_voltage
 .bss.vref_fault
                0x20000040        0x1 ./Core/Src/main.o
                0x20000040                vref_fault
 *fill*         0x20000041        0x3 
 .bss.adc_dma_buffer
                0x20000044        0xc ./Core/Src/main.o
                0x20000044                adc_dma_buffer
 .bss.current_phase_A
                0x20000050        0x4 ./Core/Src/main.o
                0x20000050                current_phase_A
 .bss.current_phase_B
                0x20000054        0x4 ./Core/Src/main.o
                0x20000054                current_phase_B
 .bss.current_phase_C
                0x20000058        0x4 ./Core/Src/main.o
                0x20000058                current_phase_C
 .bss.diagnostics
                0x2000005c        0x4 ./Core/Src/main.o
                0x2000005c                diagnostics
 .bss.hadc1     0x20000060       0x64 ./Core/Src/main.o
                0x20000060                hadc1
 .bss.hdma_adc1
                0x200000c4       0x5c ./Core/Src/main.o
                0x200000c4                hdma_adc1
 .bss.hcomp1    0x20000120       0x30 ./Core/Src/main.o
                0x20000120                hcomp1
 .bss.hcomp2    0x20000150       0x30 ./Core/Src/main.o
                0x20000150                hcomp2
 .bss.htim1     0x20000180       0x4c ./Core/Src/main.o
                0x20000180                htim1
 .bss.htim14    0x200001cc       0x4c ./Core/Src/main.o
                0x200001cc                htim14
 .bss.uwTick    0x20000218        0x4 ./Drivers/STM32G0xx_HAL_Driver/Src/stm32g0xx_hal.o
                0x20000218                uwTick
 *(COMMON)
                0x2000021c                        . = ALIGN (0x4)
                0x2000021c                        _ebss = .
                0x2000021c                        __bss_end__ = _ebss

._user_heap_stack
                0x2000021c      0x604 load address 0x080076b8
                0x20000220                        . = ALIGN (0x8)
 *fill*         0x2000021c        0x4 
                [!provide]                        PROVIDE (end = .)
                0x20000220                        PROVIDE (_end = .)
                0x20000420                        . = (. + _Min_Heap_Size)
 *fill*         0x20000220      0x200 
                0x20000820                        . = (. + _Min_Stack_Size)
 *fill*         0x20000420      0x400 
                0x20000820                        . = ALIGN (0x8)

/DISCARD/
 libc.a(*)
 libm.a(*)
 libgcc.a(*)

.ARM.attributes
                0x00000000       0x28
 *(.ARM.attributes)
 .ARM.attributes
                0x00000000       0x1e C:/ST/STM32CubeIDE_1.18.0/STM32CubeIDE/plugins/com.st.stm32cube.ide.mcu.externaltools.gnu-tools-for-stm32.13.3.rel1.win32_1.0.0.202411081344/tools/bin/../lib/gcc/arm-none-eabi/13.3.1/thumb/v6-m/nofp/crti.o
 .ARM.attributes
                0x0000001e       0x2c C:/ST/STM32CubeIDE_1.18.0/STM32CubeIDE/plugins/com.st.stm32cube.ide.mcu.externaltools.gnu-tools-for-stm32.13.3.rel1.win32_1.0.0.202411081344/tools/bin/../lib/gcc/arm-none-eabi/13.3.1/thumb/v6-m/nofp/crtbegin.o
 .ARM.attributes
                0x0000004a       0x2c ./Core/Src/main.o
 .ARM.attributes
                0x00000076       0x2c ./Core/Src/stm32g0xx_hal_msp.o
 .ARM.attributes
                0x000000a2       0x2c ./Core/Src/stm32g0xx_it.o
 .ARM.attributes
                0x000000ce       0x2c ./Core/Src/system_stm32g0xx.o
 .ARM.attributes
                0x000000fa       0x22 ./Core/Startup/startup_stm32g071gbux.o
 .ARM.attributes
                0x0000011c       0x2c ./Drivers/STM32G0xx_HAL_Driver/Src/stm32g0xx_hal.o
 .ARM.attributes
                0x00000148       0x2c ./Drivers/STM32G0xx_HAL_Driver/Src/stm32g0xx_hal_adc.o
 .ARM.attributes
                0x00000174       0x2c ./Drivers/STM32G0xx_HAL_Driver/Src/stm32g0xx_hal_comp.o
 .ARM.attributes
                0x000001a0       0x2c ./Drivers/STM32G0xx_HAL_Driver/Src/stm32g0xx_hal_cortex.o
 .ARM.attributes
                0x000001cc       0x2c ./Drivers/STM32G0xx_HAL_Driver/Src/stm32g0xx_hal_dma.o
 .ARM.attributes
                0x000001f8       0x2c ./Drivers/STM32G0xx_HAL_Driver/Src/stm32g0xx_hal_gpio.o
 .ARM.attributes
                0x00000224       0x2c ./Drivers/STM32G0xx_HAL_Driver/Src/stm32g0xx_hal_pwr_ex.o
 .ARM.attributes
                0x00000250       0x2c ./Drivers/STM32G0xx_HAL_Driver/Src/stm32g0xx_hal_rcc.o
 .ARM.attributes
                0x0000027c       0x2c ./Drivers/STM32G0xx_HAL_Driver/Src/stm32g0xx_hal_rcc_ex.o
 .ARM.attributes
                0x000002a8       0x2c ./Drivers/STM32G0xx_HAL_Driver/Src/stm32g0xx_hal_tim.o
 .ARM.attributes
                0x000002d4       0x2c ./Drivers/STM32G0xx_HAL_Driver/Src/stm32g0xx_hal_tim_ex.o
 .ARM.attributes
                0x00000300       0x2c C:/ST/STM32CubeIDE_1.18.0/STM32CubeIDE/plugins/com.st.stm32cube.ide.mcu.externaltools.gnu-tools-for-stm32.13.3.rel1.win32_1.0.0.202411081344/tools/bin/../lib/gcc/arm-none-eabi/13.3.1/../../../../arm-none-eabi/lib/thumb/v6-m/nofp\libc_nano.a(libc_a-memset.o)
 .ARM.attributes
                0x0000032c       0x2c C:/ST/STM32CubeIDE_1.18.0/STM32CubeIDE/plugins/com.st.stm32cube.ide.mcu.externaltools.gnu-tools-for-stm32.13.3.rel1.win32_1.0.0.202411081344/tools/bin/../lib/gcc/arm-none-eabi/13.3.1/../../../../arm-none-eabi/lib/thumb/v6-m/nofp\libc_nano.a(libc_a-init.o)
 .ARM.attributes
                0x00000358       0x1e C:/ST/STM32CubeIDE_1.18.0/STM32CubeIDE/plugins/com.st.stm32cube.ide.mcu.externaltools.gnu-tools-for-stm32.13.3.rel1.win32_1.0.0.202411081344/tools/bin/../lib/gcc/arm-none-eabi/13.3.1/thumb/v6-m/nofp\libgcc.a(_udivsi3.o)
 .ARM.attributes
                0x00000376       0x1e C:/ST/STM32CubeIDE_1.18.0/STM32CubeIDE/plugins/com.st.stm32cube.ide.mcu.externaltools.gnu-tools-for-stm32.13.3.rel1.win32_1.0.0.202411081344/tools/bin/../lib/gcc/arm-none-eabi/13.3.1/thumb/v6-m/nofp\libgcc.a(_dvmd_tls.o)
 .ARM.attributes
                0x00000394       0x1e C:/ST/STM32CubeIDE_1.18.0/STM32CubeIDE/plugins/com.st.stm32cube.ide.mcu.externaltools.gnu-tools-for-stm32.13.3.rel1.win32_1.0.0.202411081344/tools/bin/../lib/gcc/arm-none-eabi/13.3.1/thumb/v6-m/nofp\libgcc.a(_arm_cmpsf2.o)
 .ARM.attributes
                0x000003b2       0x2c C:/ST/STM32CubeIDE_1.18.0/STM32CubeIDE/plugins/com.st.stm32cube.ide.mcu.externaltools.gnu-tools-for-stm32.13.3.rel1.win32_1.0.0.202411081344/tools/bin/../lib/gcc/arm-none-eabi/13.3.1/thumb/v6-m/nofp\libgcc.a(divsf3.o)
 .ARM.attributes
                0x000003de       0x2c C:/ST/STM32CubeIDE_1.18.0/STM32CubeIDE/plugins/com.st.stm32cube.ide.mcu.externaltools.gnu-tools-for-stm32.13.3.rel1.win32_1.0.0.202411081344/tools/bin/../lib/gcc/arm-none-eabi/13.3.1/thumb/v6-m/nofp\libgcc.a(eqsf2.o)
 .ARM.attributes
                0x0000040a       0x2c C:/ST/STM32CubeIDE_1.18.0/STM32CubeIDE/plugins/com.st.stm32cube.ide.mcu.externaltools.gnu-tools-for-stm32.13.3.rel1.win32_1.0.0.202411081344/tools/bin/../lib/gcc/arm-none-eabi/13.3.1/thumb/v6-m/nofp\libgcc.a(gesf2.o)
 .ARM.attributes
                0x00000436       0x2c C:/ST/STM32CubeIDE_1.18.0/STM32CubeIDE/plugins/com.st.stm32cube.ide.mcu.externaltools.gnu-tools-for-stm32.13.3.rel1.win32_1.0.0.202411081344/tools/bin/../lib/gcc/arm-none-eabi/13.3.1/thumb/v6-m/nofp\libgcc.a(lesf2.o)
 .ARM.attributes
                0x00000462       0x2c C:/ST/STM32CubeIDE_1.18.0/STM32CubeIDE/plugins/com.st.stm32cube.ide.mcu.externaltools.gnu-tools-for-stm32.13.3.rel1.win32_1.0.0.202411081344/tools/bin/../lib/gcc/arm-none-eabi/13.3.1/thumb/v6-m/nofp\libgcc.a(mulsf3.o)
 .ARM.attributes
                0x0000048e       0x2c C:/ST/STM32CubeIDE_1.18.0/STM32CubeIDE/plugins/com.st.stm32cube.ide.mcu.externaltools.gnu-tools-for-stm32.13.3.rel1.win32_1.0.0.202411081344/tools/bin/../lib/gcc/arm-none-eabi/13.3.1/thumb/v6-m/nofp\libgcc.a(floatunsisf.o)
 .ARM.attributes
                0x000004ba       0x1e C:/ST/STM32CubeIDE_1.18.0/STM32CubeIDE/plugins/com.st.stm32cube.ide.mcu.externaltools.gnu-tools-for-stm32.13.3.rel1.win32_1.0.0.202411081344/tools/bin/../lib/gcc/arm-none-eabi/13.3.1/thumb/v6-m/nofp\libgcc.a(_clzsi2.o)
 .ARM.attributes
                0x000004d8       0x1e C:/ST/STM32CubeIDE_1.18.0/STM32CubeIDE/plugins/com.st.stm32cube.ide.mcu.externaltools.gnu-tools-for-stm32.13.3.rel1.win32_1.0.0.202411081344/tools/bin/../lib/gcc/arm-none-eabi/13.3.1/thumb/v6-m/nofp/crtn.o
OUTPUT(ESC.elf elf32-littlearm)
LOAD linker stubs
LOAD C:/ST/STM32CubeIDE_1.18.0/STM32CubeIDE/plugins/com.st.stm32cube.ide.mcu.externaltools.gnu-tools-for-stm32.13.3.rel1.win32_1.0.0.202411081344/tools/bin/../lib/gcc/arm-none-eabi/13.3.1/../../../../arm-none-eabi/lib/thumb/v6-m/nofp\libc.a
LOAD C:/ST/STM32CubeIDE_1.18.0/STM32CubeIDE/plugins/com.st.stm32cube.ide.mcu.externaltools.gnu-tools-for-stm32.13.3.rel1.win32_1.0.0.202411081344/tools/bin/../lib/gcc/arm-none-eabi/13.3.1/../../../../arm-none-eabi/lib/thumb/v6-m/nofp\libm.a
LOAD C:/ST/STM32CubeIDE_1.18.0/STM32CubeIDE/plugins/com.st.stm32cube.ide.mcu.externaltools.gnu-tools-for-stm32.13.3.rel1.win32_1.0.0.202411081344/tools/bin/../lib/gcc/arm-none-eabi/13.3.1/thumb/v6-m/nofp\libgcc.a

.debug_info     0x00000000     0xd605
 .debug_info    0x00000000     0x1ee8 ./Core/Src/main.o
 .debug_info    0x00001ee8     0x124b ./Core/Src/stm32g0xx_hal_msp.o
 .debug_info    0x00003133      0x117 ./Core/Src/stm32g0xx_it.o
 .debug_info    0x0000324a      0x316 ./Core/Src/system_stm32g0xx.o
 .debug_info    0x00003560       0x30 ./Core/Startup/startup_stm32g071gbux.o
 .debug_info    0x00003590      0xa57 ./Drivers/STM32G0xx_HAL_Driver/Src/stm32g0xx_hal.o
 .debug_info    0x00003fe7     0x15da ./Drivers/STM32G0xx_HAL_Driver/Src/stm32g0xx_hal_adc.o
 .debug_info    0x000055c1      0x88f ./Drivers/STM32G0xx_HAL_Driver/Src/stm32g0xx_hal_comp.o
 .debug_info    0x00005e50      0x90b ./Drivers/STM32G0xx_HAL_Driver/Src/stm32g0xx_hal_cortex.o
 .debug_info    0x0000675b      0x87d ./Drivers/STM32G0xx_HAL_Driver/Src/stm32g0xx_hal_dma.o
 .debug_info    0x00006fd8      0x5de ./Drivers/STM32G0xx_HAL_Driver/Src/stm32g0xx_hal_gpio.o
 .debug_info    0x000075b6      0x7e2 ./Drivers/STM32G0xx_HAL_Driver/Src/stm32g0xx_hal_pwr_ex.o
 .debug_info    0x00007d98      0xb69 ./Drivers/STM32G0xx_HAL_Driver/Src/stm32g0xx_hal_rcc.o
 .debug_info    0x00008901      0x7af ./Drivers/STM32G0xx_HAL_Driver/Src/stm32g0xx_hal_rcc_ex.o
 .debug_info    0x000090b0     0x2c3d ./Drivers/STM32G0xx_HAL_Driver/Src/stm32g0xx_hal_tim.o
 .debug_info    0x0000bced     0x1918 ./Drivers/STM32G0xx_HAL_Driver/Src/stm32g0xx_hal_tim_ex.o

.debug_abbrev   0x00000000     0x2209
 .debug_abbrev  0x00000000      0x381 ./Core/Src/main.o
 .debug_abbrev  0x00000381      0x241 ./Core/Src/stm32g0xx_hal_msp.o
 .debug_abbrev  0x000005c2       0xac ./Core/Src/stm32g0xx_it.o
 .debug_abbrev  0x0000066e      0x119 ./Core/Src/system_stm32g0xx.o
 .debug_abbrev  0x00000787       0x24 ./Core/Startup/startup_stm32g071gbux.o
 .debug_abbrev  0x000007ab      0x2b4 ./Drivers/STM32G0xx_HAL_Driver/Src/stm32g0xx_hal.o
 .debug_abbrev  0x00000a5f      0x26c ./Drivers/STM32G0xx_HAL_Driver/Src/stm32g0xx_hal_adc.o
 .debug_abbrev  0x00000ccb      0x21d ./Drivers/STM32G0xx_HAL_Driver/Src/stm32g0xx_hal_comp.o
 .debug_abbrev  0x00000ee8      0x2ca ./Drivers/STM32G0xx_HAL_Driver/Src/stm32g0xx_hal_cortex.o
 .debug_abbrev  0x000011b2      0x240 ./Drivers/STM32G0xx_HAL_Driver/Src/stm32g0xx_hal_dma.o
 .debug_abbrev  0x000013f2      0x1e7 ./Drivers/STM32G0xx_HAL_Driver/Src/stm32g0xx_hal_gpio.o
 .debug_abbrev  0x000015d9      0x236 ./Drivers/STM32G0xx_HAL_Driver/Src/stm32g0xx_hal_pwr_ex.o
 .debug_abbrev  0x0000180f      0x28d ./Drivers/STM32G0xx_HAL_Driver/Src/stm32g0xx_hal_rcc.o
 .debug_abbrev  0x00001a9c      0x22b ./Drivers/STM32G0xx_HAL_Driver/Src/stm32g0xx_hal_rcc_ex.o
 .debug_abbrev  0x00001cc7      0x29d ./Drivers/STM32G0xx_HAL_Driver/Src/stm32g0xx_hal_tim.o
 .debug_abbrev  0x00001f64      0x2a5 ./Drivers/STM32G0xx_HAL_Driver/Src/stm32g0xx_hal_tim_ex.o

.debug_aranges  0x00000000      0xef0
 .debug_aranges
                0x00000000       0xf8 ./Core/Src/main.o
 .debug_aranges
                0x000000f8       0x58 ./Core/Src/stm32g0xx_hal_msp.o
 .debug_aranges
                0x00000150       0x40 ./Core/Src/stm32g0xx_it.o
 .debug_aranges
                0x00000190       0x28 ./Core/Src/system_stm32g0xx.o
 .debug_aranges
                0x000001b8       0x28 ./Core/Startup/startup_stm32g071gbux.o
 .debug_aranges
                0x000001e0      0x120 ./Drivers/STM32G0xx_HAL_Driver/Src/stm32g0xx_hal.o
 .debug_aranges
                0x00000300      0x1f8 ./Drivers/STM32G0xx_HAL_Driver/Src/stm32g0xx_hal_adc.o
 .debug_aranges
                0x000004f8       0xd8 ./Drivers/STM32G0xx_HAL_Driver/Src/stm32g0xx_hal_comp.o
 .debug_aranges
                0x000005d0       0xe8 ./Drivers/STM32G0xx_HAL_Driver/Src/stm32g0xx_hal_cortex.o
 .debug_aranges
                0x000006b8       0x90 ./Drivers/STM32G0xx_HAL_Driver/Src/stm32g0xx_hal_dma.o
 .debug_aranges
                0x00000748       0x60 ./Drivers/STM32G0xx_HAL_Driver/Src/stm32g0xx_hal_gpio.o
 .debug_aranges
                0x000007a8       0xf0 ./Drivers/STM32G0xx_HAL_Driver/Src/stm32g0xx_hal_pwr_ex.o
 .debug_aranges
                0x00000898       0xa0 ./Drivers/STM32G0xx_HAL_Driver/Src/stm32g0xx_hal_rcc.o
 .debug_aranges
                0x00000938       0x40 ./Drivers/STM32G0xx_HAL_Driver/Src/stm32g0xx_hal_rcc_ex.o
 .debug_aranges
                0x00000978      0x3e0 ./Drivers/STM32G0xx_HAL_Driver/Src/stm32g0xx_hal_tim.o
 .debug_aranges
                0x00000d58      0x198 ./Drivers/STM32G0xx_HAL_Driver/Src/stm32g0xx_hal_tim_ex.o

.debug_rnglists
                0x00000000      0xba5
 .debug_rnglists
                0x00000000       0xc0 ./Core/Src/main.o
 .debug_rnglists
                0x000000c0       0x41 ./Core/Src/stm32g0xx_hal_msp.o
 .debug_rnglists
                0x00000101       0x2b ./Core/Src/stm32g0xx_it.o
 .debug_rnglists
                0x0000012c       0x1a ./Core/Src/system_stm32g0xx.o
 .debug_rnglists
                0x00000146       0x19 ./Core/Startup/startup_stm32g071gbux.o
 .debug_rnglists
                0x0000015f       0xd5 ./Drivers/STM32G0xx_HAL_Driver/Src/stm32g0xx_hal.o
 .debug_rnglists
                0x00000234      0x186 ./Drivers/STM32G0xx_HAL_Driver/Src/stm32g0xx_hal_adc.o
 .debug_rnglists
                0x000003ba       0xa3 ./Drivers/STM32G0xx_HAL_Driver/Src/stm32g0xx_hal_comp.o
 .debug_rnglists
                0x0000045d       0xab ./Drivers/STM32G0xx_HAL_Driver/Src/stm32g0xx_hal_cortex.o
 .debug_rnglists
                0x00000508       0x72 ./Drivers/STM32G0xx_HAL_Driver/Src/stm32g0xx_hal_dma.o
 .debug_rnglists
                0x0000057a       0x46 ./Drivers/STM32G0xx_HAL_Driver/Src/stm32g0xx_hal_gpio.o
 .debug_rnglists
                0x000005c0       0xb5 ./Drivers/STM32G0xx_HAL_Driver/Src/stm32g0xx_hal_pwr_ex.o
 .debug_rnglists
                0x00000675       0x7a ./Drivers/STM32G0xx_HAL_Driver/Src/stm32g0xx_hal_rcc.o
 .debug_rnglists
                0x000006ef       0x30 ./Drivers/STM32G0xx_HAL_Driver/Src/stm32g0xx_hal_rcc_ex.o
 .debug_rnglists
                0x0000071f      0x334 ./Drivers/STM32G0xx_HAL_Driver/Src/stm32g0xx_hal_tim.o
 .debug_rnglists
                0x00000a53      0x152 ./Drivers/STM32G0xx_HAL_Driver/Src/stm32g0xx_hal_tim_ex.o

.debug_macro    0x00000000    0x19017
 .debug_macro   0x00000000      0x270 ./Core/Src/main.o
 .debug_macro   0x00000270      0xaae ./Core/Src/main.o
 .debug_macro   0x00000d1e      0x12a ./Core/Src/main.o
 .debug_macro   0x00000e48       0x2e ./Core/Src/main.o
 .debug_macro   0x00000e76       0x28 ./Core/Src/main.o
 .debug_macro   0x00000e9e       0x22 ./Core/Src/main.o
 .debug_macro   0x00000ec0       0x8e ./Core/Src/main.o
 .debug_macro   0x00000f4e       0x51 ./Core/Src/main.o
 .debug_macro   0x00000f9f      0x103 ./Core/Src/main.o
 .debug_macro   0x000010a2       0x6a ./Core/Src/main.o
 .debug_macro   0x0000110c      0x1df ./Core/Src/main.o
 .debug_macro   0x000012eb       0x1c ./Core/Src/main.o
 .debug_macro   0x00001307       0x22 ./Core/Src/main.o
 .debug_macro   0x00001329       0xd1 ./Core/Src/main.o
 .debug_macro   0x000013fa      0x4da ./Core/Src/main.o
 .debug_macro   0x000018d4      0x11f ./Core/Src/main.o
 .debug_macro   0x000019f3     0xc7b5 ./Core/Src/main.o
 .debug_macro   0x0000e1a8       0x66 ./Core/Src/main.o
 .debug_macro   0x0000e20e     0x3512 ./Core/Src/main.o
 .debug_macro   0x00011720      0x190 ./Core/Src/main.o
 .debug_macro   0x000118b0       0x5c ./Core/Src/main.o
 .debug_macro   0x0001190c      0x56c ./Core/Src/main.o
 .debug_macro   0x00011e78     0x1122 ./Core/Src/main.o
 .debug_macro   0x00012f9a      0x264 ./Core/Src/main.o
 .debug_macro   0x000131fe      0x1cf ./Core/Src/main.o
 .debug_macro   0x000133cd      0x1d8 ./Core/Src/main.o
 .debug_macro   0x000135a5      0x426 ./Core/Src/main.o
 .debug_macro   0x000139cb      0x280 ./Core/Src/main.o
 .debug_macro   0x00013c4b      0x3a7 ./Core/Src/main.o
 .debug_macro   0x00013ff2      0x1b2 ./Core/Src/main.o
 .debug_macro   0x000141a4       0x43 ./Core/Src/main.o
 .debug_macro   0x000141e7      0x1f1 ./Core/Src/main.o
 .debug_macro   0x000143d8      0x8b4 ./Core/Src/main.o
 .debug_macro   0x00014c8c      0x5c2 ./Core/Src/main.o
 .debug_macro   0x0001524e       0x2e ./Core/Src/main.o
 .debug_macro   0x0001527c      0x189 ./Core/Src/main.o
 .debug_macro   0x00015405      0x321 ./Core/Src/main.o
 .debug_macro   0x00015726      0x1d6 ./Core/Src/main.o
 .debug_macro   0x000158fc      0x38a ./Core/Src/main.o
 .debug_macro   0x00015c86       0x28 ./Core/Src/main.o
 .debug_macro   0x00015cae       0xe4 ./Core/Src/main.o
 .debug_macro   0x00015d92      0x125 ./Core/Src/main.o
 .debug_macro   0x00015eb7      0x240 ./Core/Src/main.o
 .debug_macro   0x000160f7      0xad0 ./Core/Src/main.o
 .debug_macro   0x00016bc7      0x1a1 ./Core/Src/main.o
 .debug_macro   0x00016d68      0x4f2 ./Core/Src/main.o
 .debug_macro   0x0001725a      0x216 ./Core/Src/stm32g0xx_hal_msp.o
 .debug_macro   0x00017470      0x220 ./Core/Src/stm32g0xx_it.o
 .debug_macro   0x00017690      0x20c ./Core/Src/system_stm32g0xx.o
 .debug_macro   0x0001789c      0x230 ./Drivers/STM32G0xx_HAL_Driver/Src/stm32g0xx_hal.o
 .debug_macro   0x00017acc      0x230 ./Drivers/STM32G0xx_HAL_Driver/Src/stm32g0xx_hal_adc.o
 .debug_macro   0x00017cfc      0x222 ./Drivers/STM32G0xx_HAL_Driver/Src/stm32g0xx_hal_comp.o
 .debug_macro   0x00017f1e      0x20c ./Drivers/STM32G0xx_HAL_Driver/Src/stm32g0xx_hal_cortex.o
 .debug_macro   0x0001812a      0x20c ./Drivers/STM32G0xx_HAL_Driver/Src/stm32g0xx_hal_dma.o
 .debug_macro   0x00018336      0x213 ./Drivers/STM32G0xx_HAL_Driver/Src/stm32g0xx_hal_gpio.o
 .debug_macro   0x00018549      0x236 ./Drivers/STM32G0xx_HAL_Driver/Src/stm32g0xx_hal_pwr_ex.o
 .debug_macro   0x0001877f      0x24e ./Drivers/STM32G0xx_HAL_Driver/Src/stm32g0xx_hal_rcc.o
 .debug_macro   0x000189cd      0x224 ./Drivers/STM32G0xx_HAL_Driver/Src/stm32g0xx_hal_rcc_ex.o
 .debug_macro   0x00018bf1      0x214 ./Drivers/STM32G0xx_HAL_Driver/Src/stm32g0xx_hal_tim.o
 .debug_macro   0x00018e05      0x212 ./Drivers/STM32G0xx_HAL_Driver/Src/stm32g0xx_hal_tim_ex.o

.debug_line     0x00000000    0x13770
 .debug_line    0x00000000      0xef3 ./Core/Src/main.o
 .debug_line    0x00000ef3      0x955 ./Core/Src/stm32g0xx_hal_msp.o
 .debug_line    0x00001848      0x829 ./Core/Src/stm32g0xx_it.o
 .debug_line    0x00002071      0x83f ./Core/Src/system_stm32g0xx.o
 .debug_line    0x000028b0       0x7b ./Core/Startup/startup_stm32g071gbux.o
 .debug_line    0x0000292b      0xbf6 ./Drivers/STM32G0xx_HAL_Driver/Src/stm32g0xx_hal.o
 .debug_line    0x00003521     0x1e7a ./Drivers/STM32G0xx_HAL_Driver/Src/stm32g0xx_hal_adc.o
 .debug_line    0x0000539b      0xd88 ./Drivers/STM32G0xx_HAL_Driver/Src/stm32g0xx_hal_comp.o
 .debug_line    0x00006123      0xddc ./Drivers/STM32G0xx_HAL_Driver/Src/stm32g0xx_hal_cortex.o
 .debug_line    0x00006eff      0xee5 ./Drivers/STM32G0xx_HAL_Driver/Src/stm32g0xx_hal_dma.o
 .debug_line    0x00007de4      0xd00 ./Drivers/STM32G0xx_HAL_Driver/Src/stm32g0xx_hal_gpio.o
 .debug_line    0x00008ae4      0xc69 ./Drivers/STM32G0xx_HAL_Driver/Src/stm32g0xx_hal_pwr_ex.o
 .debug_line    0x0000974d     0x127b ./Drivers/STM32G0xx_HAL_Driver/Src/stm32g0xx_hal_rcc.o
 .debug_line    0x0000a9c8      0xf60 ./Drivers/STM32G0xx_HAL_Driver/Src/stm32g0xx_hal_rcc_ex.o
 .debug_line    0x0000b928     0x5a23 ./Drivers/STM32G0xx_HAL_Driver/Src/stm32g0xx_hal_tim.o
 .debug_line    0x0001134b     0x2425 ./Drivers/STM32G0xx_HAL_Driver/Src/stm32g0xx_hal_tim_ex.o

.debug_str      0x00000000    0xa5794
 .debug_str     0x00000000    0xa5794 ./Core/Src/main.o
                              0xa28ed (size before relaxing)
 .debug_str     0x000a5794    0xa1dba ./Core/Src/stm32g0xx_hal_msp.o
 .debug_str     0x000a5794    0xa1116 ./Core/Src/stm32g0xx_it.o
 .debug_str     0x000a5794    0xa11e9 ./Core/Src/system_stm32g0xx.o
 .debug_str     0x000a5794       0x7b ./Core/Startup/startup_stm32g071gbux.o
 .debug_str     0x000a5794    0xa19fb ./Drivers/STM32G0xx_HAL_Driver/Src/stm32g0xx_hal.o
 .debug_str     0x000a5794    0xa1fc7 ./Drivers/STM32G0xx_HAL_Driver/Src/stm32g0xx_hal_adc.o
 .debug_str     0x000a5794    0xa1674 ./Drivers/STM32G0xx_HAL_Driver/Src/stm32g0xx_hal_comp.o
 .debug_str     0x000a5794    0xa16d2 ./Drivers/STM32G0xx_HAL_Driver/Src/stm32g0xx_hal_cortex.o
 .debug_str     0x000a5794    0xa1691 ./Drivers/STM32G0xx_HAL_Driver/Src/stm32g0xx_hal_dma.o
 .debug_str     0x000a5794    0xa1340 ./Drivers/STM32G0xx_HAL_Driver/Src/stm32g0xx_hal_gpio.o
 .debug_str     0x000a5794    0xa1684 ./Drivers/STM32G0xx_HAL_Driver/Src/stm32g0xx_hal_pwr_ex.o
 .debug_str     0x000a5794    0xa1961 ./Drivers/STM32G0xx_HAL_Driver/Src/stm32g0xx_hal_rcc.o
 .debug_str     0x000a5794    0xa15c1 ./Drivers/STM32G0xx_HAL_Driver/Src/stm32g0xx_hal_rcc_ex.o
 .debug_str     0x000a5794    0xa273f ./Drivers/STM32G0xx_HAL_Driver/Src/stm32g0xx_hal_tim.o
 .debug_str     0x000a5794    0xa20c7 ./Drivers/STM32G0xx_HAL_Driver/Src/stm32g0xx_hal_tim_ex.o

.comment        0x00000000       0x43
 .comment       0x00000000       0x43 ./Core/Src/main.o
                                 0x44 (size before relaxing)
 .comment       0x00000043       0x44 ./Core/Src/stm32g0xx_hal_msp.o
 .comment       0x00000043       0x44 ./Core/Src/stm32g0xx_it.o
 .comment       0x00000043       0x44 ./Core/Src/system_stm32g0xx.o
 .comment       0x00000043       0x44 ./Drivers/STM32G0xx_HAL_Driver/Src/stm32g0xx_hal.o
 .comment       0x00000043       0x44 ./Drivers/STM32G0xx_HAL_Driver/Src/stm32g0xx_hal_adc.o
 .comment       0x00000043       0x44 ./Drivers/STM32G0xx_HAL_Driver/Src/stm32g0xx_hal_comp.o
 .comment       0x00000043       0x44 ./Drivers/STM32G0xx_HAL_Driver/Src/stm32g0xx_hal_cortex.o
 .comment       0x00000043       0x44 ./Drivers/STM32G0xx_HAL_Driver/Src/stm32g0xx_hal_dma.o
 .comment       0x00000043       0x44 ./Drivers/STM32G0xx_HAL_Driver/Src/stm32g0xx_hal_gpio.o
 .comment       0x00000043       0x44 ./Drivers/STM32G0xx_HAL_Driver/Src/stm32g0xx_hal_pwr_ex.o
 .comment       0x00000043       0x44 ./Drivers/STM32G0xx_HAL_Driver/Src/stm32g0xx_hal_rcc.o
 .comment       0x00000043       0x44 ./Drivers/STM32G0xx_HAL_Driver/Src/stm32g0xx_hal_rcc_ex.o
 .comment       0x00000043       0x44 ./Drivers/STM32G0xx_HAL_Driver/Src/stm32g0xx_hal_tim.o
 .comment       0x00000043       0x44 ./Drivers/STM32G0xx_HAL_Driver/Src/stm32g0xx_hal_tim_ex.o

.debug_frame    0x00000000     0x3728
 .debug_frame   0x00000000      0x374 ./Core/Src/main.o
 .debug_frame   0x00000374      0x110 ./Core/Src/stm32g0xx_hal_msp.o
 .debug_frame   0x00000484       0x9c ./Core/Src/stm32g0xx_it.o
 .debug_frame   0x00000520       0x4c ./Core/Src/system_stm32g0xx.o
 .debug_frame   0x0000056c      0x3dc ./Drivers/STM32G0xx_HAL_Driver/Src/stm32g0xx_hal.o
 .debug_frame   0x00000948      0x7ac ./Drivers/STM32G0xx_HAL_Driver/Src/stm32g0xx_hal_adc.o
 .debug_frame   0x000010f4      0x310 ./Drivers/STM32G0xx_HAL_Driver/Src/stm32g0xx_hal_comp.o
 .debug_frame   0x00001404      0x33c ./Drivers/STM32G0xx_HAL_Driver/Src/stm32g0xx_hal_cortex.o
 .debug_frame   0x00001740      0x1f0 ./Drivers/STM32G0xx_HAL_Driver/Src/stm32g0xx_hal_dma.o
 .debug_frame   0x00001930      0x130 ./Drivers/STM32G0xx_HAL_Driver/Src/stm32g0xx_hal_gpio.o
 .debug_frame   0x00001a60      0x32c ./Drivers/STM32G0xx_HAL_Driver/Src/stm32g0xx_hal_pwr_ex.o
 .debug_frame   0x00001d8c      0x214 ./Drivers/STM32G0xx_HAL_Driver/Src/stm32g0xx_hal_rcc.o
 .debug_frame   0x00001fa0       0xb0 ./Drivers/STM32G0xx_HAL_Driver/Src/stm32g0xx_hal_rcc_ex.o
 .debug_frame   0x00002050      0xf40 ./Drivers/STM32G0xx_HAL_Driver/Src/stm32g0xx_hal_tim.o
 .debug_frame   0x00002f90      0x610 ./Drivers/STM32G0xx_HAL_Driver/Src/stm32g0xx_hal_tim_ex.o
 .debug_frame   0x000035a0       0x20 C:/ST/STM32CubeIDE_1.18.0/STM32CubeIDE/plugins/com.st.stm32cube.ide.mcu.externaltools.gnu-tools-for-stm32.13.3.rel1.win32_1.0.0.202411081344/tools/bin/../lib/gcc/arm-none-eabi/13.3.1/../../../../arm-none-eabi/lib/thumb/v6-m/nofp\libc_nano.a(libc_a-memset.o)
 .debug_frame   0x000035c0       0x2c C:/ST/STM32CubeIDE_1.18.0/STM32CubeIDE/plugins/com.st.stm32cube.ide.mcu.externaltools.gnu-tools-for-stm32.13.3.rel1.win32_1.0.0.202411081344/tools/bin/../lib/gcc/arm-none-eabi/13.3.1/../../../../arm-none-eabi/lib/thumb/v6-m/nofp\libc_nano.a(libc_a-init.o)
 .debug_frame   0x000035ec       0x20 C:/ST/STM32CubeIDE_1.18.0/STM32CubeIDE/plugins/com.st.stm32cube.ide.mcu.externaltools.gnu-tools-for-stm32.13.3.rel1.win32_1.0.0.202411081344/tools/bin/../lib/gcc/arm-none-eabi/13.3.1/thumb/v6-m/nofp\libgcc.a(_udivsi3.o)
 .debug_frame   0x0000360c       0x38 C:/ST/STM32CubeIDE_1.18.0/STM32CubeIDE/plugins/com.st.stm32cube.ide.mcu.externaltools.gnu-tools-for-stm32.13.3.rel1.win32_1.0.0.202411081344/tools/bin/../lib/gcc/arm-none-eabi/13.3.1/thumb/v6-m/nofp\libgcc.a(divsf3.o)
 .debug_frame   0x00003644       0x2c C:/ST/STM32CubeIDE_1.18.0/STM32CubeIDE/plugins/com.st.stm32cube.ide.mcu.externaltools.gnu-tools-for-stm32.13.3.rel1.win32_1.0.0.202411081344/tools/bin/../lib/gcc/arm-none-eabi/13.3.1/thumb/v6-m/nofp\libgcc.a(eqsf2.o)
 .debug_frame   0x00003670       0x2c C:/ST/STM32CubeIDE_1.18.0/STM32CubeIDE/plugins/com.st.stm32cube.ide.mcu.externaltools.gnu-tools-for-stm32.13.3.rel1.win32_1.0.0.202411081344/tools/bin/../lib/gcc/arm-none-eabi/13.3.1/thumb/v6-m/nofp\libgcc.a(gesf2.o)
 .debug_frame   0x0000369c       0x2c C:/ST/STM32CubeIDE_1.18.0/STM32CubeIDE/plugins/com.st.stm32cube.ide.mcu.externaltools.gnu-tools-for-stm32.13.3.rel1.win32_1.0.0.202411081344/tools/bin/../lib/gcc/arm-none-eabi/13.3.1/thumb/v6-m/nofp\libgcc.a(lesf2.o)
 .debug_frame   0x000036c8       0x38 C:/ST/STM32CubeIDE_1.18.0/STM32CubeIDE/plugins/com.st.stm32cube.ide.mcu.externaltools.gnu-tools-for-stm32.13.3.rel1.win32_1.0.0.202411081344/tools/bin/../lib/gcc/arm-none-eabi/13.3.1/thumb/v6-m/nofp\libgcc.a(mulsf3.o)
 .debug_frame   0x00003700       0x28 C:/ST/STM32CubeIDE_1.18.0/STM32CubeIDE/plugins/com.st.stm32cube.ide.mcu.externaltools.gnu-tools-for-stm32.13.3.rel1.win32_1.0.0.202411081344/tools/bin/../lib/gcc/arm-none-eabi/13.3.1/thumb/v6-m/nofp\libgcc.a(floatunsisf.o)

.debug_line_str
                0x00000000       0x5f
 .debug_line_str
                0x00000000       0x5f ./Core/Startup/startup_stm32g071gbux.o
